src/assignment-gateway/assignment.gateway.ts(5,10): error TS2307: Cannot find module '@nestjs/websockets' or its corresponding type declarations.
src/assignment-gateway/assignment.gateway.ts(6,26): error TS2307: Cannot find module 'socket.io' or its corresponding type declarations.
src/chat-encryption/chat-encryption.service.ts(15,27): error TS2769: No overload matches this call.
  Overload 1 of 4, '(algorithm: CipherGCMTypes, key: CipherKey, iv: BinaryLike, options?: CipherGCMOptions): CipherGCM', gave the following error.
    Argument of type '"aes-256-cbc"' is not assignable to parameter of type 'CipherGCMTypes'.
  Overload 2 of 4, '(algorithm: string, key: CipherKey, iv: BinaryLike, options?: TransformOptions): Cipher', gave the following error.
    Argument of type 'Buffer' is not assignable to parameter of type 'CipherKey'.
      Type 'Buffer' is not assignable to type 'Uint8Array<ArrayBufferLike> | DataView<ArrayBufferLike> | KeyObject'.
        Type 'Buffer' is not assignable to type 'Uint8Array<ArrayBufferLike>'.
          The types of 'slice(...).buffer' are incompatible between these types.
            Type 'ArrayBufferLike' is not assignable to type 'ArrayBuffer'.
              Type 'SharedArrayBuffer' is not assignable to type 'ArrayBuffer'.
                Types of property '[Symbol.toStringTag]' are incompatible.
                  Type '"SharedArrayBuffer"' is not assignable to type '"ArrayBuffer"'.
src/chat-encryption/chat-encryption.service.ts(16,38): error TS2322: Type 'Buffer' is not assignable to type 'Uint8Array<ArrayBufferLike>'.
  The types of 'slice(...).buffer' are incompatible between these types.
    Type 'ArrayBufferLike' is not assignable to type 'ArrayBuffer'.
      Type 'SharedArrayBuffer' is not assignable to type 'ArrayBuffer'.
        Types of property '[Symbol.toStringTag]' are incompatible.
          Type '"SharedArrayBuffer"' is not assignable to type '"ArrayBuffer"'.
src/chat-encryption/chat-encryption.service.ts(16,59): error TS2322: Type 'Buffer' is not assignable to type 'Uint8Array<ArrayBufferLike>'.
  The types of 'slice(...).buffer' are incompatible between these types.
    Type 'ArrayBufferLike' is not assignable to type 'ArrayBuffer'.
      Type 'SharedArrayBuffer' is not assignable to type 'ArrayBuffer'.
        Types of property '[Symbol.toStringTag]' are incompatible.
          Type '"SharedArrayBuffer"' is not assignable to type '"ArrayBuffer"'.
src/chat-encryption/chat-encryption.service.ts(24,29): error TS2769: No overload matches this call.
  Overload 1 of 4, '(algorithm: CipherGCMTypes, key: CipherKey, iv: BinaryLike, options?: CipherGCMOptions): DecipherGCM', gave the following error.
    Argument of type '"aes-256-cbc"' is not assignable to parameter of type 'CipherGCMTypes'.
  Overload 2 of 4, '(algorithm: string, key: CipherKey, iv: BinaryLike, options?: TransformOptions): Decipher', gave the following error.
    Argument of type 'Buffer' is not assignable to parameter of type 'CipherKey'.
      Type 'Buffer' is not assignable to type 'Uint8Array<ArrayBufferLike> | DataView<ArrayBufferLike> | KeyObject'.
        Type 'Buffer' is not assignable to type 'Uint8Array<ArrayBufferLike>'.
          The types of 'slice(...).buffer' are incompatible between these types.
            Type 'ArrayBufferLike' is not assignable to type 'ArrayBuffer'.
              Type 'SharedArrayBuffer' is not assignable to type 'ArrayBuffer'.
                Types of property '[Symbol.toStringTag]' are incompatible.
                  Type '"SharedArrayBuffer"' is not assignable to type '"ArrayBuffer"'.
src/chat-encryption/chat-encryption.service.ts(26,7): error TS2322: Type 'Buffer & string' is not assignable to type 'Uint8Array<ArrayBufferLike>'.
  The types of 'slice(...).buffer' are incompatible between these types.
    Type 'ArrayBufferLike' is not assignable to type 'ArrayBuffer'.
      Type 'SharedArrayBuffer' is not assignable to type 'ArrayBuffer'.
        Types of property '[Symbol.toStringTag]' are incompatible.
          Type '"SharedArrayBuffer"' is not assignable to type '"ArrayBuffer"'.
src/chat-encryption/chat-encryption.service.ts(26,23): error TS2345: Argument of type 'Buffer' is not assignable to parameter of type 'ArrayBufferView'.
  Type 'Buffer' is not assignable to type 'Uint8Array<ArrayBufferLike> | DataView<ArrayBufferLike>'.
    Type 'Buffer' is not assignable to type 'Uint8Array<ArrayBufferLike>'.
      The types of 'slice(...).buffer' are incompatible between these types.
        Type 'ArrayBufferLike' is not assignable to type 'ArrayBuffer'.
          Type 'SharedArrayBuffer' is not assignable to type 'ArrayBuffer'.
            Types of property '[Symbol.toStringTag]' are incompatible.
              Type '"SharedArrayBuffer"' is not assignable to type '"ArrayBuffer"'.
src/chat-encryption/chat-encryption.service.ts(27,7): error TS2322: Type 'Buffer' is not assignable to type 'Uint8Array<ArrayBufferLike>'.
  The types of 'slice(...).buffer' are incompatible between these types.
    Type 'ArrayBufferLike' is not assignable to type 'ArrayBuffer'.
      Type 'SharedArrayBuffer' is not assignable to type 'ArrayBuffer'.
        Types of property '[Symbol.toStringTag]' are incompatible.
          Type '"SharedArrayBuffer"' is not assignable to type '"ArrayBuffer"'.
src/chat/chat.gateway.ts(7,8): error TS2307: Cannot find module '@nestjs/websockets' or its corresponding type declarations.
src/chat/chat.gateway.ts(8,32): error TS2307: Cannot find module 'socket.io' or its corresponding type declarations.
src/mobile-scan/mobile-scan.service.ts(69,22): error TS2339: Property 'status' does not exist on type '{ worker: { company: { trainingRequirements: { id: number; companyId: number; courseName: string; expiresInDays: number; createdAt: Date; }[]; } & { id: number; name: string; logoUrl: string; createdAt: Date; }; ... 4 more ...; documents: { ...; }[]; } & { ...; }; ... 5 more ...; compliance: WorkerVerificationStatus...'.
src/mobile-scan/mobile-scan.service.ts(71,24): error TS2339: Property 'training' does not exist on type '{ worker: { company: { trainingRequirements: { id: number; companyId: number; courseName: string; expiresInDays: number; createdAt: Date; }[]; } & { id: number; name: string; logoUrl: string; createdAt: Date; }; ... 4 more ...; documents: { ...; }[]; } & { ...; }; ... 5 more ...; compliance: WorkerVerificationStatus...'.
src/mobile-scan/mobile-scan.service.ts(73,25): error TS2339: Property 'incidents' does not exist on type '{ worker: { company: { trainingRequirements: { id: number; companyId: number; courseName: string; expiresInDays: number; createdAt: Date; }[]; } & { id: number; name: string; logoUrl: string; createdAt: Date; }; ... 4 more ...; documents: { ...; }[]; } & { ...; }; ... 5 more ...; compliance: WorkerVerificationStatus...'.
src/mobile-scan/mobile-scan.service.ts(86,22): error TS2339: Property 'status' does not exist on type '{ equipment: { company: { id: number; name: string; logoUrl: string; createdAt: Date; }; incidents: { id: number; title: string; description: string; category: string; latitude: number; longitude: number; ... 10 more ...; updatedAt: Date; }[]; equipmentAssignments: ({ ...; } & { ...; })[]; } & { ...; }; requiredCert...'.
src/mobile-scan/mobile-scan.service.ts(88,27): error TS2339: Property 'inspections' does not exist on type '{ equipment: { company: { id: number; name: string; logoUrl: string; createdAt: Date; }; incidents: { id: number; title: string; description: string; category: string; latitude: number; longitude: number; ... 10 more ...; updatedAt: Date; }[]; equipmentAssignments: ({ ...; } & { ...; })[]; } & { ...; }; requiredCert...'.
src/mobile-scan/mobile-scan.service.ts(89,25): error TS2339: Property 'incidents' does not exist on type '{ equipment: { company: { id: number; name: string; logoUrl: string; createdAt: Date; }; incidents: { id: number; title: string; description: string; category: string; latitude: number; longitude: number; ... 10 more ...; updatedAt: Date; }[]; equipmentAssignments: ({ ...; } & { ...; })[]; } & { ...; }; requiredCert...'.
src/mobile-scan/mobile-scan.service.ts(103,22): error TS2339: Property 'status' does not exist on type '{ result: string; reasons: string[]; missingCertifications: number[]; expiredTraining: any; expiredCredentials: any; workerIncidents: any; equipmentIncidents: any; worker: { company: { id: number; name: string; logoUrl: string; createdAt: Date; }; trainingRecords: ({ ...; } & { ...; })[]; credentials: ({ ...; } & { ...'.
src/mobile-scan/mobile-scan.service.ts(106,22): error TS2339: Property 'issues' does not exist on type '{ result: string; reasons: string[]; missingCertifications: number[]; expiredTraining: any; expiredCredentials: any; workerIncidents: any; equipmentIncidents: any; worker: { company: { id: number; name: string; logoUrl: string; createdAt: Date; }; trainingRecords: ({ ...; } & { ...; })[]; credentials: ({ ...; } & { ...'.
src/modules/vera-hub-homepage/hub-homepage.types.ts(2,3): error TS2724: '"@vera/api-contract"' has no exported member named 'CompanyAnnouncementDto'. Did you mean 'CompanyAnnouncementDtoSchema'?
src/modules/vera-hub-homepage/hub-homepage.types.ts(3,3): error TS2305: Module '"@vera/api-contract"' has no exported member 'FeedItemDto'.
src/modules/vera-hub-homepage/hub-homepage.types.ts(6,3): error TS2305: Module '"@vera/api-contract"' has no exported member 'HubSection'.
src/modules/vera-hub-homepage/hub-homepage.types.ts(7,3): error TS2305: Module '"@vera/api-contract"' has no exported member 'JobPostDto'.
src/modules/vera-hub-homepage/hub-homepage.types.ts(8,3): error TS2305: Module '"@vera/api-contract"' has no exported member 'ProjectUpdateDto'.
src/modules/vera-hub-homepage/hub-homepage.types.ts(9,3): error TS2305: Module '"@vera/api-contract"' has no exported member 'QuickActionDto'.
src/modules/vera-hub-homepage/hub-homepage.types.ts(10,3): error TS2305: Module '"@vera/api-contract"' has no exported member 'SafetyArticleDto'.
src/modules/vera-hub-homepage/hub-homepage.types.ts(11,3): error TS2305: Module '"@vera/api-contract"' has no exported member 'TrendingTopicDto'.
src/modules/vera-hub-homepage/hub-homepage.types.ts(12,3): error TS2724: '"@vera/api-contract"' has no exported member named 'WeatherSnapshotDto'. Did you mean 'WeatherSnapshotDtoSchema'?
src/modules/vera-hub-homepage/hub-homepage.types.ts(13,3): error TS2724: '"@vera/api-contract"' has no exported member named 'WorkerAchievementDto'. Did you mean 'WorkerAchievementDtoSchema'?
src/modules/vera-moderation/expert-verification.service.ts(61,23): error TS2345: Argument of type '{ user: { worker: { id: number; firstName: string; lastName: string; status: string; companyId: number; photoUrl: string; userId: number; email: string; phone: string; dateOfBirth: Date; qrToken: string; unionNumber: string; }; } & { ...; }; } & { ...; }' is not assignable to parameter of type '{ id: string; userId: number; status: string; statement: string; tradeEvidence: string; submittedAt: Date; reviewedAt: Date; reviewNote: string; user: { username: string; worker: { firstName: string; lastName: string; }; }; expertProfile: { ...; }; }'.
  Property 'expertProfile' is missing in type '{ user: { worker: { id: number; firstName: string; lastName: string; status: string; companyId: number; photoUrl: string; userId: number; email: string; phone: string; dateOfBirth: Date; qrToken: string; unionNumber: string; }; } & { ...; }; } & { ...; }' but required in type '{ id: string; userId: number; status: string; statement: string; tradeEvidence: string; submittedAt: Date; reviewedAt: Date; reviewNote: string; user: { username: string; worker: { firstName: string; lastName: string; }; }; expertProfile: { ...; }; }'.
src/modules/vera-moderation/moderation.factory.ts(23,10): error TS2554: Expected 3 arguments, but got 2.
src/modules/vera-moderation/moderation.factory.ts(30,10): error TS2554: Expected 3 arguments, but got 2.
src/notifications/notifications.controller.ts(23,24): error TS2339: Property 'list' does not exist on type 'NotificationsService'.
src/notifications/notifications.controller.ts(28,24): error TS2339: Property 'forUser' does not exist on type 'NotificationsService'.
src/pages/access/[workerId]/[siteId].tsx(1,27): error TS2307: Cannot find module 'next/router' or its corresponding type declarations.
src/pages/access/[workerId]/[siteId].tsx(2,21): error TS2307: Cannot find module '~/utils/api' or its corresponding type declarations.
src/pages/access/[workerId]/[siteId].tsx(14,34): error TS17004: Cannot use JSX unless the '--jsx' flag is provided.
src/pages/access/[workerId]/[siteId].tsx(17,5): error TS17004: Cannot use JSX unless the '--jsx' flag is provided.
src/pages/access/[workerId]/[siteId].tsx(18,7): error TS17004: Cannot use JSX unless the '--jsx' flag is provided.
src/pages/access/[workerId]/[siteId].tsx(21,9): error TS17004: Cannot use JSX unless the '--jsx' flag is provided.
src/pages/access/[workerId]/[siteId].tsx(25,9): error TS17004: Cannot use JSX unless the '--jsx' flag is provided.
src/pages/access/[workerId]/[siteId].tsx(27,11): error TS17004: Cannot use JSX unless the '--jsx' flag is provided.
src/pages/access/[workerId]/[siteId].tsx(29,15): error TS17004: Cannot use JSX unless the '--jsx' flag is provided.
src/pages/company/training.tsx(2,21): error TS2307: Cannot find module '~/utils/api' or its corresponding type declarations.
src/pages/company/training.tsx(12,25): error TS17004: Cannot use JSX unless the '--jsx' flag is provided.
src/pages/company/training.tsx(20,5): error TS17004: Cannot use JSX unless the '--jsx' flag is provided.
src/pages/company/training.tsx(21,7): error TS17004: Cannot use JSX unless the '--jsx' flag is provided.
src/pages/company/training.tsx(23,7): error TS17004: Cannot use JSX unless the '--jsx' flag is provided.
src/pages/company/training.tsx(25,11): error TS17004: Cannot use JSX unless the '--jsx' flag is provided.
src/pages/company/training.tsx(26,13): error TS17004: Cannot use JSX unless the '--jsx' flag is provided.
src/pages/company/training.tsx(36,13): error TS17004: Cannot use JSX unless the '--jsx' flag is provided.
src/pages/company/training.tsx(51,7): error TS17004: Cannot use JSX unless the '--jsx' flag is provided.
src/pages/company/training.tsx(55,7): error TS17004: Cannot use JSX unless the '--jsx' flag is provided.
src/pages/workers/[id].tsx(1,27): error TS2307: Cannot find module 'next/router' or its corresponding type declarations.
src/pages/workers/[id].tsx(2,21): error TS2307: Cannot find module '~/utils/api' or its corresponding type declarations.
src/pages/workers/[id].tsx(3,26): error TS2307: Cannot find module '~/components/upload/CameraUpload' or its corresponding type declarations.
src/pages/workers/[id].tsx(4,23): error TS2307: Cannot find module '~/components/upload/PDFUpload' or its corresponding type declarations.
src/pages/workers/[id].tsx(5,27): error TS2307: Cannot find module '~/components/upload/ScannerUpload' or its corresponding type declarations.
src/pages/workers/[id].tsx(6,32): error TS2307: Cannot find module '~/components/upload/BulkTrainingUpload' or its corresponding type declarations.
src/pages/workers/[id].tsx(17,34): error TS17004: Cannot use JSX unless the '--jsx' flag is provided.
src/pages/workers/[id].tsx(22,5): error TS17004: Cannot use JSX unless the '--jsx' flag is provided.
src/pages/workers/[id].tsx(23,7): error TS17004: Cannot use JSX unless the '--jsx' flag is provided.
src/pages/workers/[id].tsx(24,9): error TS17004: Cannot use JSX unless the '--jsx' flag is provided.
src/pages/workers/[id].tsx(25,11): error TS17004: Cannot use JSX unless the '--jsx' flag is provided.
src/pages/workers/[id].tsx(28,11): error TS17004: Cannot use JSX unless the '--jsx' flag is provided.
src/pages/workers/[id].tsx(30,9): error TS17004: Cannot use JSX unless the '--jsx' flag is provided.
src/pages/workers/[id].tsx(31,11): error TS17004: Cannot use JSX unless the '--jsx' flag is provided.
src/pages/workers/[id].tsx(43,7): error TS17004: Cannot use JSX unless the '--jsx' flag is provided.
src/pages/workers/[id].tsx(44,9): error TS17004: Cannot use JSX unless the '--jsx' flag is provided.
src/pages/workers/[id].tsx(46,11): error TS17004: Cannot use JSX unless the '--jsx' flag is provided.
src/pages/workers/[id].tsx(48,9): error TS17004: Cannot use JSX unless the '--jsx' flag is provided.
src/pages/workers/[id].tsx(50,13): error TS17004: Cannot use JSX unless the '--jsx' flag is provided.
src/pages/workers/[id].tsx(51,15): error TS17004: Cannot use JSX unless the '--jsx' flag is provided.
src/pages/workers/[id].tsx(52,15): error TS17004: Cannot use JSX unless the '--jsx' flag is provided.
src/pages/workers/[id].tsx(54,17): error TS17004: Cannot use JSX unless the '--jsx' flag is provided.
src/pages/workers/[id].tsx(61,7): error TS17004: Cannot use JSX unless the '--jsx' flag is provided.
src/pages/workers/[id].tsx(62,9): error TS17004: Cannot use JSX unless the '--jsx' flag is provided.
src/pages/workers/[id].tsx(63,9): error TS17004: Cannot use JSX unless the '--jsx' flag is provided.
src/pages/workers/[id].tsx(65,13): error TS17004: Cannot use JSX unless the '--jsx' flag is provided.
src/pages/workers/[id].tsx(74,7): error TS17004: Cannot use JSX unless the '--jsx' flag is provided.
src/pages/workers/[id].tsx(75,9): error TS17004: Cannot use JSX unless the '--jsx' flag is provided.
src/pages/workers/[id].tsx(76,9): error TS17004: Cannot use JSX unless the '--jsx' flag is provided.
src/pages/workers/[id].tsx(78,13): error TS17004: Cannot use JSX unless the '--jsx' flag is provided.
src/pages/workers/[id].tsx(79,15): error TS17004: Cannot use JSX unless the '--jsx' flag is provided.
src/pages/workers/[id].tsx(92,7): error TS17004: Cannot use JSX unless the '--jsx' flag is provided.
src/pages/workers/[id].tsx(93,9): error TS17004: Cannot use JSX unless the '--jsx' flag is provided.
src/pages/workers/[id].tsx(94,9): error TS17004: Cannot use JSX unless the '--jsx' flag is provided.
src/pages/workers/[id].tsx(95,11): error TS17004: Cannot use JSX unless the '--jsx' flag is provided.
src/pages/workers/[id].tsx(96,11): error TS17004: Cannot use JSX unless the '--jsx' flag is provided.
src/pages/workers/[id].tsx(97,11): error TS17004: Cannot use JSX unless the '--jsx' flag is provided.
src/pages/workers/[id].tsx(99,13): error TS17004: Cannot use JSX unless the '--jsx' flag is provided.
src/pages/workers/training/dashboard.tsx(1,21): error TS2307: Cannot find module '~/utils/api' or its corresponding type declarations.
src/pages/workers/training/dashboard.tsx(6,34): error TS17004: Cannot use JSX unless the '--jsx' flag is provided.
src/pages/workers/training/dashboard.tsx(9,5): error TS17004: Cannot use JSX unless the '--jsx' flag is provided.
src/pages/workers/training/dashboard.tsx(10,7): error TS17004: Cannot use JSX unless the '--jsx' flag is provided.
src/pages/workers/training/dashboard.tsx(12,7): error TS17004: Cannot use JSX unless the '--jsx' flag is provided.
src/pages/workers/training/dashboard.tsx(13,9): error TS17004: Cannot use JSX unless the '--jsx' flag is provided.
src/pages/workers/training/dashboard.tsx(14,9): error TS17004: Cannot use JSX unless the '--jsx' flag is provided.
src/pages/workers/training/dashboard.tsx(16,13): error TS17004: Cannot use JSX unless the '--jsx' flag is provided.
src/pages/workers/training/dashboard.tsx(23,7): error TS17004: Cannot use JSX unless the '--jsx' flag is provided.
src/pages/workers/training/dashboard.tsx(24,9): error TS17004: Cannot use JSX unless the '--jsx' flag is provided.
src/pages/workers/training/dashboard.tsx(25,9): error TS17004: Cannot use JSX unless the '--jsx' flag is provided.
src/pages/workers/training/dashboard.tsx(27,13): error TS17004: Cannot use JSX unless the '--jsx' flag is provided.
src/provider/provider.service.ts(19,9): error TS2353: Object literal may only specify known properties, and 'password' does not exist in type '(Without<TrainingProviderCreateInput, TrainingProviderUncheckedCreateInput> & TrainingProviderUncheckedCreateInput) | (Without<...> & TrainingProviderCreateInput)'.
src/provider/provider.service.ts(31,59): error TS2339: Property 'password' does not exist on type '{ id: number; name: string; code: string; email: string; phone: string; website: string; address: string; logoUrl: string; qrToken: string; approvalStatus: ProviderApprovalStatus; active: boolean; createdAt: Date; updatedAt: Date; }'.
src/provider/provider.service.ts(41,24): error TS2339: Property 'trainingProgram' does not exist on type 'PrismaService'.
src/provider/provider.service.ts(55,24): error TS2339: Property 'trainingProgram' does not exist on type 'PrismaService'.
src/provider/provider.service.ts(65,24): error TS2339: Property 'trainingClass' does not exist on type 'PrismaService'.
src/provider/provider.service.ts(80,24): error TS2339: Property 'trainingClass' does not exist on type 'PrismaService'.
src/provider/provider.service.ts(91,24): error TS2339: Property 'issuedCredential' does not exist on type 'PrismaService'.
src/provider/provider.service.ts(106,19): error TS2339: Property 'trainingProgram' does not exist on type 'PrismaService'.
src/provider/provider.service.ts(107,19): error TS2339: Property 'trainingClass' does not exist on type 'PrismaService'.
src/provider/provider.service.ts(108,19): error TS2339: Property 'issuedCredential' does not exist on type 'PrismaService'.
src/server/api/routers/company.ts(7,27): error TS2339: Property 'session' does not exist on type '{ userId: number; role: string; prisma: PrismaClient<PrismaClientOptions, never, DefaultArgs>; homepage: HubHomepageService; }'.
src/server/api/routers/company.ts(27,29): error TS2339: Property 'session' does not exist on type '{ userId: number; role: string; prisma: PrismaClient<PrismaClientOptions, never, DefaultArgs>; homepage: HubHomepageService; }'.
src/server/api/routers/documents.ts(7,27): error TS2339: Property 'session' does not exist on type '{ userId: number; role: string; prisma: PrismaClient<PrismaClientOptions, never, DefaultArgs>; homepage: HubHomepageService; }'.
src/server/api/routers/documents.ts(23,18): error TS2322: Type 'string' is not assignable to type 'number'.
src/server/api/routers/documents.ts(24,17): error TS2322: Type 'string' is not assignable to type 'number | NullableIntFieldUpdateOperationsInput'.
src/server/api/routers/feed.ts(17,62): error TS2345: Argument of type 'PrismaClient<PrismaClientOptions, never, DefaultArgs>' is not assignable to parameter of type 'PrismaService'.
  Type 'PrismaClient<PrismaClientOptions, never, DefaultArgs>' is missing the following properties from type 'PrismaService': onModuleInit, onModuleDestroy
src/server/api/routers/feed.ts(65,60): error TS2345: Argument of type 'PrismaClient<PrismaClientOptions, never, DefaultArgs>' is not assignable to parameter of type 'PrismaService'.
  Type 'PrismaClient<PrismaClientOptions, never, DefaultArgs>' is missing the following properties from type 'PrismaService': onModuleInit, onModuleDestroy
src/server/api/routers/training.ts(7,27): error TS2339: Property 'session' does not exist on type '{ userId: number; role: string; prisma: PrismaClient<PrismaClientOptions, never, DefaultArgs>; homepage: HubHomepageService; }'.
src/server/api/routers/training.ts(16,51): error TS2345: Argument of type 'number' is not assignable to parameter of type 'string'.
src/server/api/routers/upload.ts(24,11): error TS2322: Type 'string' is not assignable to type 'number'.
src/server/api/routers/upload.ts(25,11): error TS2322: Type 'string' is not assignable to type 'number'.
src/server/api/routers/upload.ts(26,11): error TS2322: Type 'string' is not assignable to type 'number'.
src/server/api/routers/upload.ts(48,11): error TS2322: Type 'string' is not assignable to type 'number'.
src/server/api/routers/upload.ts(49,11): error TS2322: Type 'string' is not assignable to type 'number'.
src/server/api/routers/upload.ts(50,11): error TS2322: Type 'string' is not assignable to type 'number'.
src/server/api/routers/upload.ts(72,11): error TS2322: Type 'string' is not assignable to type 'number'.
src/server/api/routers/upload.ts(73,11): error TS2322: Type 'string' is not assignable to type 'number'.
src/server/api/routers/upload.ts(74,11): error TS2322: Type 'string' is not assignable to type 'number'.
src/server/api/routers/upload.ts(101,13): error TS2322: Type 'string' is not assignable to type 'number'.
src/server/api/routers/worker.ts(8,27): error TS2339: Property 'session' does not exist on type '{ userId: number; role: string; prisma: PrismaClient<PrismaClientOptions, never, DefaultArgs>; homepage: HubHomepageService; }'.
src/server/api/routers/worker.ts(19,18): error TS2322: Type 'string' is not assignable to type 'number'.
src/server/api/routers/worker.ts(31,49): error TS2345: Argument of type 'number' is not assignable to parameter of type 'string'.
src/server/api/trpc.ts(23,23): error TS2352: Conversion of type 'string | JwtPayload' to type '{ sub: number; role?: string; }' may be a mistake because neither type sufficiently overlaps with the other. If this was intentional, convert the expression to 'unknown' first.
  Type 'JwtPayload' is not comparable to type '{ sub: number; role?: string; }'.
    Types of property 'sub' are incompatible.
      Type 'string' is not comparable to type 'number'.
src/server/services/verification.ts(17,14): error TS2322: Type 'string' is not assignable to type 'number'.
src/server/services/verification.ts(27,26): error TS2551: Property 'company' does not exist on type '{ id: number; firstName: string; lastName: string; status: string; companyId: number; photoUrl: string; userId: number; email: string; phone: string; dateOfBirth: Date; qrToken: string; unionNumber: string; }'. Did you mean 'companyId'?
src/server/services/verification.ts(34,28): error TS2551: Property 'company' does not exist on type '{ id: number; firstName: string; lastName: string; status: string; companyId: number; photoUrl: string; userId: number; email: string; phone: string; dateOfBirth: Date; qrToken: string; unionNumber: string; }'. Did you mean 'companyId'?
src/server/services/verification.ts(35,27): error TS2339: Property 'trainingRecords' does not exist on type '{ id: number; firstName: string; lastName: string; status: string; companyId: number; photoUrl: string; userId: number; email: string; phone: string; dateOfBirth: Date; qrToken: string; unionNumber: string; }'.
src/server/services/verification.ts(39,24): error TS2339: Property 'documents' does not exist on type '{ id: number; firstName: string; lastName: string; status: string; companyId: number; photoUrl: string; userId: number; email: string; phone: string; dateOfBirth: Date; qrToken: string; unionNumber: string; }'.
